[Bootstrap]
SetupTitle=Install
SetupText=Copying Files, please stand by.
CabFile=GVDbeta.CAB
Spawn=Setup1.exe
Uninstal=st6unst.exe
TmpDir=msftqws.pdw
Cabs=1

[Bootstrap Files]

[IconGroups]
Group0=GVDBeta
PrivateGroup0=-1
Parent0=$(Programs)

[GVDBeta]
Icon1="GVDbeta.exe"
Title1=GVDBeta
StartIn1=$(AppPath)
Icon2="readme.txt"
Title2=readme.txt
StartIn2=$(AppPath)
Icon3="history.txt"
Title3=history.txt
StartIn3=$(AppPath)
Icon4="order.txt"
Title4=order.txt
StartIn4=$(AppPath)
Icon5="license.txt"
Title5=eula.txt
StartIn5=$(AppPath)

[Setup]
Title=GVDBeta
DefaultDir=$(ProgramFiles)\GVD
AppExe=GVDbeta.exe
AppToUninstall=GVDbeta.exe

[Setup1 Files]
File1=@readme.txt,$(AppPath),,,2/23/02 8:21:58 PM,4841,0.0.0.0
File2=@order.txt,$(AppPath),,,2/17/02 4:32:38 PM,2940,0.0.0.0
File3=@license.txt,$(AppPath),,,3/24/02 12:04:12 PM,7682,0.0.0.0
File4=@history.txt,$(AppPath),,,5/19/02 3:36:14 PM,51623,0.0.0.0
File5=@parts.txt,$(AppPath)\lists,,,1/13/01 5:07:04 PM,1465,0.0.0.0
File6=@Categories.txt,$(AppPath)\lists,,,6/2/00 10:56:30 AM,263,0.0.0.0
File7=@Blank.jpg,$(AppPath)\images,,,9/6/99 11:13:40 AM,6755,0.0.0.0
File8=@SurfaceAreaTable.txt,$(AppPath)\data,,,9/22/99 4:37:58 AM,604,0.0.0.0
File9=@SurfaceTable.txt,$(AppPath)\data,,,4/26/98 2:00:24 AM,882,0.0.0.0
File10=@wMRandwSR.txt,$(AppPath)\data,,,12/6/98 1:55:04 AM,503,0.0.0.0
File11=@6013.txt,$(AppPath)\data,,,7/3/98 11:29:26 PM,642,0.0.0.0
File12=@gMRandgSR.txt,$(AppPath)\data,,,5/25/98 7:23:46 AM,458,0.0.0.0
File13=@Components.txt,$(AppPath)\data,,,3/5/00 11:11:34 PM,29680,0.0.0.0
File14=@Components(with TLS).txt,$(AppPath)\data,,,2/26/00 11:18:58 AM,31487,0.0.0.0
File15=@Armortable.txt,$(AppPath)\data,,,10/10/99 2:10:50 PM,1239,0.0.0.0
File16=@Ammunition.txt,$(AppPath)\data,,,2/27/00 12:50:56 PM,2990,0.0.0.0
File17=@7003.txt,$(AppPath)\data,,,10/15/98 10:10:26 AM,2622,0.0.0.0
File18=@7002.txt,$(AppPath)\data,,,8/11/98 12:16:52 AM,69,0.0.0.0
File19=@7001.txt,$(AppPath)\data,,,8/11/98 1:00:12 AM,162,0.0.0.0
File20=@6014.txt,$(AppPath)\data,,,10/11/99 7:27:06 AM,615,0.0.0.0
File21=@StoneBoltDamage.txt,$(AppPath)\data,,,1/16/99 7:33:04 PM,1275,0.0.0.0
File22=@6002.txt,$(AppPath)\data,,,6/26/98 10:52:36 PM,219,0.0.0.0
File23=@6011.txt,$(AppPath)\data,,,6/26/98 10:54:54 PM,40,0.0.0.0
File24=@6010.txt,$(AppPath)\data,,,6/26/98 10:54:40 PM,57,0.0.0.0
File25=@6009.txt,$(AppPath)\data,,,6/30/98 5:45:44 PM,508,0.0.0.0
File26=@6008.txt,$(AppPath)\data,,,10/11/99 7:22:58 AM,1019,0.0.0.0
File27=@6007.txt,$(AppPath)\data,,,6/26/98 10:53:54 PM,121,0.0.0.0
File28=@6006.txt,$(AppPath)\data,,,10/11/99 6:36:50 AM,577,0.0.0.0
File29=@6005.txt,$(AppPath)\data,,,8/13/98 9:43:38 PM,24,0.0.0.0
File30=@6004.txt,$(AppPath)\data,,,6/26/98 10:53:08 PM,25,0.0.0.0
File31=@6003.txt,$(AppPath)\data,,,2/22/00 12:28:04 AM,1734,0.0.0.0
File32=@6012.txt,$(AppPath)\data,,,7/13/98 6:37:06 AM,730,0.0.0.0
File33=@4015.txt,$(AppPath)\data,,,7/8/98 3:11:48 AM,248,0.0.0.0
File34=@5008.txt,$(AppPath)\data,,,3/21/99 12:46:00 AM,33,0.0.0.0
File35=@5007.txt,$(AppPath)\data,,,9/23/99 7:46:06 PM,167,0.0.0.0
File36=@5006.txt,$(AppPath)\data,,,7/8/98 5:27:20 AM,57,0.0.0.0
File37=@5005.txt,$(AppPath)\data,,,7/8/98 5:27:02 AM,342,0.0.0.0
File38=@5004.txt,$(AppPath)\data,,,7/8/98 5:23:58 AM,300,0.0.0.0
File39=@5003.txt,$(AppPath)\data,,,2/12/99 12:08:58 AM,250,0.0.0.0
File40=@5002.txt,$(AppPath)\data,,,7/8/98 5:23:26 AM,106,0.0.0.0
File41=@5001.txt,$(AppPath)\data,,,6/28/98 4:53:42 PM,192,0.0.0.0
File42=@4016.txt,$(AppPath)\data,,,6/28/98 5:44:22 PM,32,0.0.0.0
File43=@6001.txt,$(AppPath)\data,,,6/26/98 10:52:14 PM,158,0.0.0.0
File44=@4004.txt,$(AppPath)\data,,,7/7/98 10:07:24 PM,444,0.0.0.0
File45=@4013.txt,$(AppPath)\data,,,7/8/98 2:34:10 AM,288,0.0.0.0
File46=@4012.txt,$(AppPath)\data,,,6/28/98 5:43:18 PM,80,0.0.0.0
File47=@4011.txt,$(AppPath)\data,,,6/28/98 5:43:02 PM,75,0.0.0.0
File48=@4010.txt,$(AppPath)\data,,,6/28/98 5:42:42 PM,227,0.0.0.0
File49=@4009.txt,$(AppPath)\data,,,6/28/98 5:42:24 PM,30,0.0.0.0
File50=@4008.txt,$(AppPath)\data,,,6/28/98 5:42:06 PM,183,0.0.0.0
File51=@4007.txt,$(AppPath)\data,,,7/8/98 12:29:38 AM,300,0.0.0.0
File52=@4006.txt,$(AppPath)\data,,,6/28/98 5:41:28 PM,282,0.0.0.0
File53=@4005.txt,$(AppPath)\data,,,7/7/98 10:46:00 PM,617,0.0.0.0
File54=@4014.txt,$(AppPath)\data,,,6/28/98 5:43:50 PM,53,0.0.0.0
File55=@3015.txt,$(AppPath)\data,,,9/27/99 4:47:44 PM,586,0.0.0.0
File56=@4002.txt,$(AppPath)\data,,,6/28/98 5:40:24 PM,40,0.0.0.0
File57=@4001.txt,$(AppPath)\data,,,10/11/99 7:09:50 AM,158,0.0.0.0
File58=@3022.txt,$(AppPath)\data,,,3/21/99 12:14:54 AM,306,0.0.0.0
File59=@3021.txt,$(AppPath)\data,,,3/4/99 12:06:12 AM,126,0.0.0.0
File60=@3020.txt,$(AppPath)\data,,,6/28/98 3:34:44 PM,375,0.0.0.0
File61=@3019.txt,$(AppPath)\data,,,10/25/99 7:54:30 PM,890,0.0.0.0
File62=@3018.txt,$(AppPath)\data,,,6/28/98 3:34:12 PM,93,0.0.0.0
File63=@3017.txt,$(AppPath)\data,,,1/18/99 3:43:00 AM,678,0.0.0.0
File64=@3016.txt,$(AppPath)\data,,,3/4/99 12:04:30 AM,783,0.0.0.0
File65=@4003.txt,$(AppPath)\data,,,6/28/98 5:40:38 PM,51,0.0.0.0
File66=@3004.txt,$(AppPath)\data,,,6/28/98 3:30:34 PM,124,0.0.0.0
File67=@3013.txt,$(AppPath)\data,,,6/28/98 3:32:52 PM,387,0.0.0.0
File68=@3012.txt,$(AppPath)\data,,,7/6/98 6:02:08 PM,247,0.0.0.0
File69=@3011.txt,$(AppPath)\data,,,7/3/98 11:21:02 PM,301,0.0.0.0
File70=@3010.txt,$(AppPath)\data,,,6/28/98 3:32:06 PM,561,0.0.0.0
File71=@3009.txt,$(AppPath)\data,,,6/28/98 3:31:50 PM,385,0.0.0.0
File72=@3008.txt,$(AppPath)\data,,,6/28/98 3:31:34 PM,66,0.0.0.0
File73=@3007.txt,$(AppPath)\data,,,6/30/98 7:07:50 PM,215,0.0.0.0
File74=@3006.txt,$(AppPath)\data,,,7/6/98 3:41:24 PM,983,0.0.0.0
File75=@3005.txt,$(AppPath)\data,,,7/6/98 5:48:28 PM,389,0.0.0.0
File76=@3014.txt,$(AppPath)\data,,,4/18/00 6:23:04 PM,593,0.0.0.0
File77=@1012.txt,$(AppPath)\data,,,6/11/98 7:23:58 PM,116,0.0.0.0
File78=@3002.txt,$(AppPath)\data,,,6/28/98 3:30:02 PM,23,0.0.0.0
File79=@3001.txt,$(AppPath)\data,,,7/6/98 7:34:40 PM,1584,0.0.0.0
File80=@1019.txt,$(AppPath)\data,,,6/11/98 7:25:36 PM,64,0.0.0.0
File81=@1018.txt,$(AppPath)\data,,,6/11/98 7:25:22 PM,52,0.0.0.0
File82=@1017.txt,$(AppPath)\data,,,7/15/98 2:56:30 PM,420,0.0.0.0
File83=@1016.txt,$(AppPath)\data,,,7/15/98 2:08:04 PM,78,0.0.0.0
File84=@1015.txt,$(AppPath)\data,,,6/11/98 7:24:42 PM,164,0.0.0.0
File85=@1014.txt,$(AppPath)\data,,,10/11/99 7:02:04 AM,101,0.0.0.0
File86=@1013.txt,$(AppPath)\data,,,6/11/98 7:24:12 PM,93,0.0.0.0
File87=@3003.txt,$(AppPath)\data,,,7/4/98 4:38:06 AM,143,0.0.0.0
File88=@1001.txt,$(AppPath)\data,,,6/11/98 7:20:42 PM,112,0.0.0.0
File89=@1010.txt,$(AppPath)\data,,,6/11/98 7:23:32 PM,365,0.0.0.0
File90=@1009.txt,$(AppPath)\data,,,6/11/98 7:23:14 PM,82,0.0.0.0
File91=@1008.txt,$(AppPath)\data,,,6/11/98 7:23:00 PM,236,0.0.0.0
File92=@1007.txt,$(AppPath)\data,,,6/11/98 7:22:46 PM,121,0.0.0.0
File93=@1006.txt,$(AppPath)\data,,,1/7/99 8:38:00 PM,245,0.0.0.0
File94=@1005.txt,$(AppPath)\data,,,6/11/98 7:22:14 PM,463,0.0.0.0
File95=@1004.txt,$(AppPath)\data,,,6/11/98 7:21:58 PM,98,0.0.0.0
File96=@1003.txt,$(AppPath)\data,,,6/11/98 7:21:42 PM,44,0.0.0.0
File97=@1002.txt,$(AppPath)\data,,,2/26/00 11:15:48 AM,183,0.0.0.0
File98=@1011.txt,$(AppPath)\data,,,6/11/98 7:23:44 PM,475,0.0.0.0
File99=@RICHED32.DLL,$(WinSysPathSysFile),,,5/7/98 12:00:00 AM,174352,4.0.993.4
File100=@RICHTX32.OCX,$(WinSysPath),$(DLLSelfRegister),$(Shared),5/22/00 12:00:00 AM,203976,6.0.88.4
File101=@TABCTL32.OCX,$(WinSysPath),$(DLLSelfRegister),$(Shared),5/22/00 12:00:00 AM,209608,6.0.88.4
File102=@MSMAPI32.OCX,$(WinSysPath),$(DLLSelfRegister),$(Shared),6/24/98 12:00:00 AM,137000,6.0.81.69
File103=@MSCOMCTL.OCX,$(WinSysPath),$(DLLSelfRegister),$(Shared),5/22/00 12:00:00 AM,1066176,6.0.88.62
File104=@VehiclesBeta.dll,$(AppPath),$(DLLSelfRegister),,5/19/02 10:14:04 PM,3756032,1.3.0.10
File105=@TreeX.OCX,$(WinSysPath),$(DllSelfRegister),$(Shared),3/25/02 1:20:02 PM,407272,1.0.1.2
File106=@msvcrt.dll,$(WinSysPathSysFile),,,5/4/01 11:05:02 AM,290869,6.1.8924.0
File107=@scrrun.dll,$(WinSysPath),$(DLLSelfRegister),$(Shared),6/26/01 6:06:58 PM,147512,5.6.0.6626
File108=@TLBINF32.DLL,$(WinSysPath),$(DLLSelfRegister),$(Shared),3/14/00 12:00:00 AM,148480,1.1.88.4
;File109=@PropList.dll,$(WinSysPath),$(DLLSelfRegister),$(Shared),12/8/99 7:00:42 PM,132800,1.4.5.8
File109=@zlib.dll,$(AppPath),,,6/14/99 11:48:48 AM,53248,1.1.2.0
File110=@GVDbeta.exe,$(AppPath),,,5/19/02 10:17:10 PM,1548288,1.2.0.20

; The following lines may be deleted in order to obtain extra 
; space for customizing this file on a full installation diskette.
; 
; XXXXXXXXXXXXXXXXXXXXXXXXXXXXXXXXXXXXXXXXXXXXXXXXXXXXXXXXXXXX
; XXXXXXXXXXXXXXXXXXXXXXXXXXXXXXXXXXXXXXXXXXXXXXXXXXXXXXXXXXXX
; XXXXXXXXXXXXXXXXXXXXXXXXXXXXXXXXXXXXXXXXXXXXXXXXXXXXXXXXXXXX
; XXXXXXXXXXXXXXXXXXXXXXXXXXXXXXXXXXXXXXXXXXXXXXXXXXXXXXXXXXXX
; XXXXXXXXXXXXXXXXXXXXXXXXXXXXXXXXXXXXXXXXXXXXXXXXXXXXXXXXXXXX
; XXXXXXXXXXXXXXXXXXXXXXXXXXXXXXXXXXXXXXXXXXXXXXXXXXXXXXXXXXXX
; XXXXXXXXXXXXXXXXXXXXXXXXXXXXXXXXXXXXXXXXXXXXXXXXXXXXXXXXXXXX
; XXXXXXXXXXXXXXXXXXXXXXXXXXXXXXXXXXXXXXXXXXXXXXXXXXXXXXXXXXXX
; XXXXXXXXXXXXXXXXXXXXXXXXXXXXXXXXXXXXXXXXXXXXXXXXXXXXXXXXXXXX
; XXXXXXXXXXXXXXXXXXXXXXXXXXXXXXXXXXXXXXXXXXXXXXXXXXXXXXXXXXXX
; XXXXXXXXXXXXXXXXXXXXXXXXXXXXXXXXXXXXXXXXXXXXXXXXXXXXXXXXXXXX
; XXXXXXXXXXXXXXXXXXXXXXXXXXXXXXXXXXXXXXXXXXXXXXXXXXXXXXXXXXXX
; XXXXXXXXXXXXXXXXXXXXXXXXXXXXXXXXXXXXXXXXXXXXXXXXXXXXXXXXXXXX
; XXXXXXXXXXXXXXXXXXXXXXXXXXXXXXXXXXXXXXXXXXXXXXXXXXXXXXXXXXXX
; XXXXXXXXXXXXXXXXXXXXXXXXXXXXXXXXXXXXXXXXXXXXXXXXXXXXXXXXXXXX
; XXXXXXXXXXXXXXXXXXXXXXXXXXXXXXXXXXXXXXXXXXXXXXXXXXXXXXXXXXXX
; XXXXXXXXXXXXXXXXXXXXXXXXXXXXXXXXXXXXXXXXXXXXXXXXXXXXXXXXXXXX
; XXXXXXXXXXXXXXXXXXXXXXXXXXXXXXXXXXXXXXXXXXXXXXXXXXXXXXXXXXXX
; XXXXXXXXXXXXXXXXXXXXXXXXXXXXXXXXXXXXXXXXXXXXXXXXXXXXXXXXXXXX
; XXXXXXXXXXXXXXXXXXXXXXXXXXXXXXXXXXXXXXXXXXXXXXXXXXXXXXXXXXXX
; XXXXXXXXXXXXXXXXXXXXXXXXXXXXXXXXXXXXXXXXXXXXXXXXXXXXXXXXXXXX
; XXXXXXXXXXXXXXXXXXXXXXXXXXXXXXXXXXXXXXXXXXXXXXXXXXXXXXXXXXXX
; XXXXXXXXXXXXXXXXXXXXXXXXXXXXXXXXXXXXXXXXXXXXXXXXXXXXXXXXXXXX
; XXXXXXXXXXXXXXXXXXXXXXXXXXXXXXXXXXXXXXXXXXXXXXXXXXXXXXXXXXXX
; XXXXXXXXXXXXXXXXXXXXXXXXXXXXXXXXXXXXXXXXXXXXXXXXXXXXXXXXXXXX
; XXXXXXXXXXXXXXXXXXXXXXXXXXXXXXXXXXXXXXXXXXXXXXXXXXXXXXXXXXXX
; XXXXXXXXXXXXXXXXXXXXXXXXXXXXXXXXXXXXXXXXXXXXXXXXXXXXXXXXXXXX
; XXXXXXXXXXXXXXXXXXXXXXXXXXXXXXXXXXXXXXXXXXXXXXXXXXXXXXXXXXXX
; XXXXXXXXXXXXXXXXXXXXXXXXXXXXXXXXXXXXXXXXXXXXXXXXXXXXXXXXXXXX
; XXXXXXXXXXXXXXXXXXXXXXXXXXXXXXXXXXXXXXXXXXXXXXXXXXXXXXXXXXXX
; XXXXXXXXXXXXXXXXXXXXXXXXXXXXXXXXXXXXXXXXXXXXXXXXXXXXXXXXXXXX
; XXXXXXXXXXXXXXXXXXXXXXXXXXXXXXXXXXXXXXXXXXXXXXXXXXXXXXXXXXXX
; XXXXXXXXXXXXXXXXXXXXXXXXXXXXXXXXXXXXXXXXXXXXXXXXXXXXXXXXXXXX
; XXXXXXXXXXXXXXXXXXXXXXXXXXXXXXXXXXXXXXXXXXXXXXXXXXXXXXXXXXXX
; XXXXXXXXXXXXXXXXXXXXXXXXXXXXXXXXXXXXXXXXXXXXXXXXXXXXXXXXXXXX
